---
source: debugger/src/debug_adapter.rs
expression: output_str

---

