---
source: debugger/src/debug_adapter.rs
expression: output_str

---
Content-Length: 145

{"command":"error","message":"Failed to read the expected 60 bytes from incoming data","request_seq":1,"seq":1,"success":false,"type":"response"}Content-Length: 165

{"body":{"category":"console","group":"probe-rs-debug","output":"Failed to read the expected 60 bytes from incoming data\n"},"event":"output","seq":2,"type":"event"}Content-Length: 154

{"body":{"message":"Failed to read the expected 60 bytes from incoming data\n","severity":"error"},"event":"probe-rs-show-message","seq":3,"type":"event"}Content-Length: 154

{"body":{"category":"console","group":"probe-rs-debug","output":"\nTriggered DAP Event: probe-rs-show-message\n"},"event":"output","seq":4,"type":"event"}
