---
source: debugger/src/protocol.rs
expression: output_str

---

